;; .eusrc executed!! *rcb4eus-dir*=/home/mi/kxreus added, *load-path* updated!!
(test-mnist-train)
;;(test-mnist-batch 200) ;; train from train-images
;;(test-mnist-test) ;; test test-images
;;(test-mnist-train) ;; test train-images
;; (test-mnist-batch-cuda 200)        ;; train on GPU (FP64)
;; (test-mnist-batch-cuda 200 :precision 32)
;; (test-mnist-batch-lisp 200 :dgemm :cuda)
;; (test-mnist-cuda-test)             ;; test mlp/mnist-mlp-19.l on GPU
;; (bench-mnist-cuda)
Loading datasets ... mnist-datasets.l
Loaded datasets ...
net=((:conv 5 6) (:relu) (:pool) (:conv 5 16) (:relu) (:pool) (:fc 500) (:relu) (:fc 10))
 params=136082 device=:gpu precision=32 batch=200 lr=0.001
 epoch  1  loss ave.:   0.4217     0.615 [sec wall]   test: 9705/10000 (97.05%)
 epoch  2  loss ave.:   0.0928     0.259 [sec wall]   test: 9816/10000 (98.16%)
 epoch  3  loss ave.:   0.0614     0.262 [sec wall]   test: 9870/10000 (98.70%)
 epoch  4  loss ave.:   0.0468     0.258 [sec wall]   test: 9878/10000 (98.78%)
 epoch  5  loss ave.:   0.0369     0.264 [sec wall]   test: 9883/10000 (98.83%)
 epoch  6  loss ave.:   0.0301     0.259 [sec wall]   test: 9888/10000 (98.88%)
 epoch  7  loss ave.:   0.0246     0.259 [sec wall]   test: 9884/10000 (98.84%)
 epoch  8  loss ave.:   0.0199     0.264 [sec wall]   test: 9892/10000 (98.92%)
 epoch  9  loss ave.:   0.0162     0.261 [sec wall]   test: 9895/10000 (98.95%)
 epoch 10  loss ave.:   0.0129     0.256 [sec wall]   test: 9894/10000 (98.94%)
 epoch 11  loss ave.:   0.0105     0.262 [sec wall]   test: 9892/10000 (98.92%)
 epoch 12  loss ave.:   0.0087     0.265 [sec wall]   test: 9898/10000 (98.98%)
 epoch 13  loss ave.:   0.0069     0.261 [sec wall]   test: 9879/10000 (98.79%)
 epoch 14  loss ave.:   0.0057     0.259 [sec wall]   test: 9887/10000 (98.87%)
 epoch 15  loss ave.:   0.0051     0.265 [sec wall]   test: 9902/10000 (99.02%)
 epoch 16  loss ave.:   0.0039     0.262 [sec wall]   test: 9904/10000 (99.04%)
 epoch 17  loss ave.:   0.0032     0.260 [sec wall]   test: 9897/10000 (98.97%)
 epoch 18  loss ave.:   0.0029     0.260 [sec wall]   test: 9905/10000 (99.05%)
 epoch 19  loss ave.:   0.0026     0.265 [sec wall]   test: 9899/10000 (98.99%)
 epoch 20  loss ave.:   0.0031     0.260 [sec wall]   test: 9893/10000 (98.93%)
ABL "ch 6/16" ((:conv 5 6) (:relu) (:pool) (:conv 5 16) (:relu) (:pool) (:fc 500) (:relu) (:fc 10)) 136082 746000 ((1 0.421738 0.614656 9705) (2 0.092789 0.258607 9816) (3 0.061421 0.261795 9870) (4 0.046824 0.257769 9878) (5 0.036888 0.263796 9883) (6 0.030085 0.258625 9888) (7 0.024607 0.25874 9884) (8 0.019913 0.264338 9892) (9 0.01617 0.260943 9895) (10 0.012918 0.25604 9894) (11 0.010533 0.262423 9892) (12 0.008728 0.264702 9898) (13 0.006898 0.260569 9879) (14 0.005669 0.259353 9887) (15 0.00506 0.265306 9902) (16 0.003913 0.261912 9904) (17 0.003164 0.260492 9897) (18 0.002918 0.259703 9905) (19 0.002645 0.264634 9899) (20 0.003084 0.260007 9893)) (59911 0.004226)
net=((:conv 5 10) (:relu) (:pool) (:conv 5 25) (:relu) (:pool) (:fc 500) (:relu) (:fc 10))
 params=212045 device=:gpu precision=32 batch=200 lr=0.001
 epoch  1  loss ave.:   0.3901     0.328 [sec wall]   test: 9730/10000 (97.30%)
 epoch  2  loss ave.:   0.0744     0.323 [sec wall]   test: 9821/10000 (98.21%)
 epoch  3  loss ave.:   0.0505     0.324 [sec wall]   test: 9846/10000 (98.46%)
 epoch  4  loss ave.:   0.0389     0.323 [sec wall]   test: 9866/10000 (98.66%)
 epoch  5  loss ave.:   0.0314     0.322 [sec wall]   test: 9869/10000 (98.69%)
 epoch  6  loss ave.:   0.0256     0.327 [sec wall]   test: 9873/10000 (98.73%)
 epoch  7  loss ave.:   0.0209     0.328 [sec wall]   test: 9872/10000 (98.72%)
 epoch  8  loss ave.:   0.0170     0.326 [sec wall]   test: 9874/10000 (98.74%)
 epoch  9  loss ave.:   0.0138     0.324 [sec wall]   test: 9873/10000 (98.73%)
 epoch 10  loss ave.:   0.0111     0.322 [sec wall]   test: 9877/10000 (98.77%)
 epoch 11  loss ave.:   0.0089     0.325 [sec wall]   test: 9880/10000 (98.80%)
 epoch 12  loss ave.:   0.0072     0.324 [sec wall]   test: 9892/10000 (98.92%)
 epoch 13  loss ave.:   0.0060     0.324 [sec wall]   test: 9901/10000 (99.01%)
 epoch 14  loss ave.:   0.0049     0.323 [sec wall]   test: 9898/10000 (98.98%)
 epoch 15  loss ave.:   0.0040     0.326 [sec wall]   test: 9906/10000 (99.06%)
 epoch 16  loss ave.:   0.0036     0.324 [sec wall]   test: 9898/10000 (98.98%)
 epoch 17  loss ave.:   0.0050     0.324 [sec wall]   test: 9897/10000 (98.97%)
 epoch 18  loss ave.:   0.0036     0.322 [sec wall]   test: 9907/10000 (99.07%)
 epoch 19  loss ave.:   0.0028     0.325 [sec wall]   test: 9907/10000 (99.07%)
 epoch 20  loss ave.:   0.0019     0.326 [sec wall]   test: 9906/10000 (99.06%)
ABL "ch 10/25" ((:conv 5 10) (:relu) (:pool) (:conv 5 25) (:relu) (:pool) (:fc 500) (:relu) (:fc 10)) 212045 1498000 ((1 0.390097 0.328214 9730) (2 0.074405 0.322582 9821) (3 0.050483 0.324427 9846) (4 0.038901 0.323437 9866) (5 0.031416 0.321767 9869) (6 0.025596 0.32722 9873) (7 0.02088 0.32793 9872) (8 0.017042 0.325951 9874) (9 0.013779 0.323993 9873) (10 0.011072 0.321945 9877) (11 0.008881 0.324873 9880) (12 0.007177 0.323977 9892) (13 0.006032 0.323986 9901) (14 0.004942 0.323001 9898) (15 0.004026 0.326202 9906) (16 0.003631 0.323947 9898) (17 0.005039 0.323673 9897) (18 0.003556 0.322043 9907) (19 0.002842 0.324544 9907) (20 0.001921 0.32577 9906)) (59904 0.004162)
net=((:conv 5 20) (:relu) (:pool) (:conv 5 50) (:relu) (:pool) (:fc 500) (:relu) (:fc 10))
 params=431080 device=:gpu precision=32 batch=200 lr=0.001
 epoch  1  loss ave.:   0.3367     0.436 [sec wall]   test: 9753/10000 (97.53%)
 epoch  2  loss ave.:   0.0672     0.433 [sec wall]   test: 9836/10000 (98.36%)
 epoch  3  loss ave.:   0.0458     0.430 [sec wall]   test: 9867/10000 (98.67%)
 epoch  4  loss ave.:   0.0345     0.431 [sec wall]   test: 9890/10000 (98.90%)
 epoch  5  loss ave.:   0.0272     0.431 [sec wall]   test: 9896/10000 (98.96%)
 epoch  6  loss ave.:   0.0218     0.429 [sec wall]   test: 9899/10000 (98.99%)
 epoch  7  loss ave.:   0.0174     0.432 [sec wall]   test: 9904/10000 (99.04%)
 epoch  8  loss ave.:   0.0139     0.430 [sec wall]   test: 9909/10000 (99.09%)
 epoch  9  loss ave.:   0.0109     0.430 [sec wall]   test: 9905/10000 (99.05%)
 epoch 10  loss ave.:   0.0086     0.432 [sec wall]   test: 9911/10000 (99.11%)
 epoch 11  loss ave.:   0.0069     0.432 [sec wall]   test: 9914/10000 (99.14%)
 epoch 12  loss ave.:   0.0054     0.430 [sec wall]   test: 9922/10000 (99.22%)
 epoch 13  loss ave.:   0.0044     0.432 [sec wall]   test: 9919/10000 (99.19%)
 epoch 14  loss ave.:   0.0036     0.433 [sec wall]   test: 9919/10000 (99.19%)
 epoch 15  loss ave.:   0.0029     0.435 [sec wall]   test: 9914/10000 (99.14%)
 epoch 16  loss ave.:   0.0026     0.431 [sec wall]   test: 9917/10000 (99.17%)
 epoch 17  loss ave.:   0.0024     0.428 [sec wall]   test: 9916/10000 (99.16%)
 epoch 18  loss ave.:   0.0019     0.443 [sec wall]   test: 9914/10000 (99.14%)
 epoch 19  loss ave.:   0.0018     0.440 [sec wall]   test: 9916/10000 (99.16%)
 epoch 20  loss ave.:   0.0013     0.451 [sec wall]   test: 9917/10000 (99.17%)
ABL "ch 20/50" ((:conv 5 20) (:relu) (:pool) (:conv 5 50) (:relu) (:pool) (:fc 500) (:relu) (:fc 10)) 431080 4586000 ((1 0.336724 0.435843 9753) (2 0.06717 0.432803 9836) (3 0.04578 0.42966 9867) (4 0.034483 0.430808 9890) (5 0.027225 0.430512 9896) (6 0.021789 0.428536 9899) (7 0.017373 0.431938 9904) (8 0.013905 0.43028 9909) (9 0.010879 0.430373 9905) (10 0.008585 0.431888 9911) (11 0.006857 0.432145 9914) (12 0.005391 0.430331 9922) (13 0.004399 0.43246 9919) (14 0.003583 0.433061 9919) (15 0.002918 0.434999 9914) (16 0.002596 0.431334 9917) (17 0.002397 0.428451 9916) (18 0.001875 0.443396 9914) (19 0.001841 0.43975 9916) (20 0.001271 0.451479 9917)) (59969 0.001972)
net=((:conv 5 32) (:relu) (:pool) (:conv 5 64) (:relu) (:pool) (:fc 500) (:relu) (:fc 10))
 params=569606 device=:gpu precision=32 batch=200 lr=0.001
 epoch  1  loss ave.:   0.3040     0.695 [sec wall]   test: 9758/10000 (97.58%)
 epoch  2  loss ave.:   0.0665     0.694 [sec wall]   test: 9840/10000 (98.40%)
 epoch  3  loss ave.:   0.0443     0.689 [sec wall]   test: 9862/10000 (98.62%)
 epoch  4  loss ave.:   0.0334     0.705 [sec wall]   test: 9879/10000 (98.79%)
 epoch  5  loss ave.:   0.0261     0.701 [sec wall]   test: 9895/10000 (98.95%)
 epoch  6  loss ave.:   0.0208     0.693 [sec wall]   test: 9899/10000 (98.99%)
 epoch  7  loss ave.:   0.0165     0.703 [sec wall]   test: 9894/10000 (98.94%)
 epoch  8  loss ave.:   0.0130     0.695 [sec wall]   test: 9902/10000 (99.02%)
 epoch  9  loss ave.:   0.0100     0.705 [sec wall]   test: 9901/10000 (99.01%)
 epoch 10  loss ave.:   0.0077     0.703 [sec wall]   test: 9907/10000 (99.07%)
 epoch 11  loss ave.:   0.0061     0.708 [sec wall]   test: 9910/10000 (99.10%)
 epoch 12  loss ave.:   0.0049     0.698 [sec wall]   test: 9913/10000 (99.13%)
 epoch 13  loss ave.:   0.0043     0.692 [sec wall]   test: 9912/10000 (99.12%)
 epoch 14  loss ave.:   0.0033     0.692 [sec wall]   test: 9912/10000 (99.12%)
 epoch 15  loss ave.:   0.0027     0.694 [sec wall]   test: 9911/10000 (99.11%)
 epoch 16  loss ave.:   0.0021     0.698 [sec wall]   test: 9912/10000 (99.12%)
 epoch 17  loss ave.:   0.0018     0.691 [sec wall]   test: 9912/10000 (99.12%)
 epoch 18  loss ave.:   0.0015     0.685 [sec wall]   test: 9911/10000 (99.11%)
 epoch 19  loss ave.:   0.0013     0.695 [sec wall]   test: 9911/10000 (99.11%)
 epoch 20  loss ave.:   0.0011     0.699 [sec wall]   test: 9914/10000 (99.14%)
ABL "ch 32/64" ((:conv 5 32) (:relu) (:pool) (:conv 5 64) (:relu) (:pool) (:fc 500) (:relu) (:fc 10)) 569606 8509200 ((1 0.303996 0.695355 9758) (2 0.066465 0.69366 9840) (3 0.044262 0.689487 9862) (4 0.033448 0.704554 9879) (5 0.026139 0.701063 9895) (6 0.020812 0.692751 9899) (7 0.016455 0.702991 9894) (8 0.012968 0.695329 9902) (9 0.010036 0.704509 9901) (10 0.007737 0.702767 9907) (11 0.006093 0.708123 9910) (12 0.004944 0.697682 9913) (13 0.004274 0.692 9912) (14 0.003346 0.69192 9912) (15 0.002711 0.693825 9911) (16 0.002147 0.697915 9912) (17 0.001846 0.690623 9912) (18 0.001454 0.685256 9911) (19 0.001271 0.69484 9911) (20 0.001056 0.699243 9914)) (59979 0.001419)
net=((:conv 3 20) (:relu) (:pool) (:conv 3 50) (:relu) (:pool) (:fc 500) (:relu) (:fc 10))
 params=639760 device=:gpu precision=32 batch=200 lr=0.001
 epoch  1  loss ave.:   0.4036     0.397 [sec wall]   test: 9697/10000 (96.97%)
 epoch  2  loss ave.:   0.0827     0.396 [sec wall]   test: 9794/10000 (97.94%)
 epoch  3  loss ave.:   0.0572     0.397 [sec wall]   test: 9831/10000 (98.31%)
 epoch  4  loss ave.:   0.0439     0.396 [sec wall]   test: 9844/10000 (98.44%)
 epoch  5  loss ave.:   0.0346     0.399 [sec wall]   test: 9863/10000 (98.63%)
 epoch  6  loss ave.:   0.0275     0.398 [sec wall]   test: 9853/10000 (98.53%)
 epoch  7  loss ave.:   0.0222     0.400 [sec wall]   test: 9855/10000 (98.55%)
 epoch  8  loss ave.:   0.0176     0.395 [sec wall]   test: 9867/10000 (98.67%)
 epoch  9  loss ave.:   0.0140     0.401 [sec wall]   test: 9868/10000 (98.68%)
 epoch 10  loss ave.:   0.0109     0.396 [sec wall]   test: 9876/10000 (98.76%)
 epoch 11  loss ave.:   0.0086     0.402 [sec wall]   test: 9859/10000 (98.59%)
 epoch 12  loss ave.:   0.0069     0.399 [sec wall]   test: 9873/10000 (98.73%)
 epoch 13  loss ave.:   0.0056     0.391 [sec wall]   test: 9879/10000 (98.79%)
 epoch 14  loss ave.:   0.0055     0.394 [sec wall]   test: 9881/10000 (98.81%)
 epoch 15  loss ave.:   0.0054     0.394 [sec wall]   test: 9883/10000 (98.83%)
 epoch 16  loss ave.:   0.0039     0.398 [sec wall]   test: 9880/10000 (98.80%)
 epoch 17  loss ave.:   0.0032     0.398 [sec wall]   test: 9888/10000 (98.88%)
 epoch 18  loss ave.:      inf     0.399 [sec wall]   test: 9629/10000 (96.29%)
 epoch 19  loss ave.:   0.0864     0.398 [sec wall]   test: 9755/10000 (97.55%)
 epoch 20  loss ave.:   0.0535     0.398 [sec wall]   test: 9795/10000 (97.95%)
ABL "k 3" ((:conv 3 20) (:relu) (:pool) (:conv 3 50) (:relu) (:pool) (:fc 500) (:relu) (:fc 10)) 639760 3681360 ((1 0.403631 0.397486 9697) (2 0.082705 0.396016 9794) (3 0.057186 0.397429 9831) (4 0.043947 0.396333 9844) (5 0.034582 0.398953 9863) (6 0.027467 0.39796 9853) (7 0.022191 0.399811 9855) (8 0.017579 0.395153 9867) (9 0.014019 0.400686 9868) (10 0.010894 0.39575 9876) (11 0.008563 0.40197 9859) (12 0.006945 0.399125 9873) (13 0.005566 0.391126 9879) (14 0.005503 0.394013 9881) (15 0.005439 0.394424 9883) (16 0.003884 0.397927 9880) (17 0.003173 0.397535 9888) (18 inf 0.39944 9629) (19 0.086378 0.397601 9755) (20 0.05348 0.398321 9795)) (58966 0.05117)
net=((:conv 7 20) (:relu) (:pool) (:conv 7 50) (:relu) (:pool) (:fc 500) (:relu) (:fc 10))
 params=155560 device=:gpu precision=32 batch=200 lr=0.001
 epoch  1  loss ave.:   0.3873     0.382 [sec wall]   test: 9687/10000 (96.87%)
 epoch  2  loss ave.:   0.0805     0.378 [sec wall]   test: 9797/10000 (97.97%)
 epoch  3  loss ave.:   0.0554     0.377 [sec wall]   test: 9841/10000 (98.41%)
 epoch  4  loss ave.:   0.0434     0.374 [sec wall]   test: 9861/10000 (98.61%)
 epoch  5  loss ave.:   0.0349     0.377 [sec wall]   test: 9875/10000 (98.75%)
 epoch  6  loss ave.:   0.0288     0.372 [sec wall]   test: 9883/10000 (98.83%)
 epoch  7  loss ave.:   0.0240     0.378 [sec wall]   test: 9887/10000 (98.87%)
 epoch  8  loss ave.:   0.0202     0.373 [sec wall]   test: 9884/10000 (98.84%)
 epoch  9  loss ave.:   0.0169     0.372 [sec wall]   test: 9891/10000 (98.91%)
 epoch 10  loss ave.:   0.0141     0.376 [sec wall]   test: 9891/10000 (98.91%)
 epoch 11  loss ave.:   0.0116     0.373 [sec wall]   test: 9891/10000 (98.91%)
 epoch 12  loss ave.:   0.0095     0.379 [sec wall]   test: 9895/10000 (98.95%)
 epoch 13  loss ave.:   0.0080     0.378 [sec wall]   test: 9899/10000 (98.99%)
 epoch 14  loss ave.:   0.0067     0.380 [sec wall]   test: 9899/10000 (98.99%)
 epoch 15  loss ave.:   0.0056     0.374 [sec wall]   test: 9902/10000 (99.02%)
 epoch 16  loss ave.:   0.0048     0.379 [sec wall]   test: 9910/10000 (99.10%)
 epoch 17  loss ave.:   0.0041     0.377 [sec wall]   test: 9910/10000 (99.10%)
 epoch 18  loss ave.:   0.0034     0.372 [sec wall]   test: 9910/10000 (99.10%)
 epoch 19  loss ave.:   0.0028     0.379 [sec wall]   test: 9911/10000 (99.11%)
 epoch 20  loss ave.:   0.0025     0.374 [sec wall]   test: 9916/10000 (99.16%)
ABL "k 7" ((:conv 7 20) (:relu) (:pool) (:conv 7 50) (:relu) (:pool) (:fc 500) (:relu) (:fc 10)) 155560 3608640 ((1 0.387296 0.381831 9687) (2 0.080458 0.378189 9797) (3 0.055401 0.37737 9841) (4 0.043354 0.374398 9861) (5 0.034939 0.376586 9875) (6 0.028845 0.372199 9883) (7 0.023952 0.378106 9887) (8 0.020198 0.37347 9884) (9 0.016912 0.371946 9891) (10 0.014118 0.375914 9891) (11 0.011634 0.373374 9891) (12 0.009548 0.379417 9895) (13 0.007999 0.377842 9899) (14 0.006731 0.379604 9899) (15 0.005629 0.373723 9902) (16 0.004766 0.379339 9910) (17 0.004063 0.376996 9910) (18 0.003421 0.372321 9910) (19 0.002847 0.379095 9911) (20 0.002465 0.374127 9916)) (59952 0.003138)
net=((:conv 5 20) (:relu) (:pool) (:fc 500) (:relu) (:fc 10))
 params=1446030 device=:gpu precision=32 batch=200 lr=0.001
 epoch  1  loss ave.:   0.3407     0.262 [sec wall]   test: 9612/10000 (96.12%)
 epoch  2  loss ave.:   0.0990     0.258 [sec wall]   test: 9749/10000 (97.49%)
 epoch  3  loss ave.:   0.0651     0.253 [sec wall]   test: 9797/10000 (97.97%)
 epoch  4  loss ave.:   0.0482     0.254 [sec wall]   test: 9827/10000 (98.27%)
 epoch  5  loss ave.:   0.0373     0.258 [sec wall]   test: 9842/10000 (98.42%)
 epoch  6  loss ave.:   0.0298     0.255 [sec wall]   test: 9849/10000 (98.49%)
 epoch  7  loss ave.:   0.0239     0.253 [sec wall]   test: 9851/10000 (98.51%)
 epoch  8  loss ave.:   0.0192     0.259 [sec wall]   test: 9851/10000 (98.51%)
 epoch  9  loss ave.:   0.0154     0.257 [sec wall]   test: 9852/10000 (98.52%)
 epoch 10  loss ave.:   0.0124     0.255 [sec wall]   test: 9858/10000 (98.58%)
 epoch 11  loss ave.:   0.0099     0.252 [sec wall]   test: 9863/10000 (98.63%)
 epoch 12  loss ave.:   0.0081     0.258 [sec wall]   test: 9866/10000 (98.66%)
 epoch 13  loss ave.:   0.0066     0.254 [sec wall]   test: 9870/10000 (98.70%)
 epoch 14  loss ave.:   0.0055     0.252 [sec wall]   test: 9872/10000 (98.72%)
 epoch 15  loss ave.:   0.0047     0.258 [sec wall]   test: 9874/10000 (98.74%)
 epoch 16  loss ave.:   0.0040     0.254 [sec wall]   test: 9877/10000 (98.77%)
 epoch 17  loss ave.:   0.0034     0.254 [sec wall]   test: 9879/10000 (98.79%)
 epoch 18  loss ave.:   0.0030     0.260 [sec wall]   test: 9879/10000 (98.79%)
 epoch 19  loss ave.:   0.0026     0.254 [sec wall]   test: 9878/10000 (98.78%)
 epoch 20  loss ave.:   0.0022     0.255 [sec wall]   test: 9877/10000 (98.77%)
ABL "conv 1 layer" ((:conv 5 20) (:relu) (:pool) (:fc 500) (:relu) (:fc 10)) 1446030 3466000 ((1 0.34069 0.261873 9612) (2 0.098963 0.25751 9749) (3 0.065133 0.252689 9797) (4 0.048234 0.254094 9827) (5 0.037316 0.258111 9842) (6 0.029756 0.254557 9849) (7 0.023891 0.253136 9851) (8 0.019222 0.258965 9851) (9 0.015362 0.256971 9852) (10 0.01238 0.255231 9858) (11 0.009897 0.251831 9863) (12 0.008057 0.257648 9866) (13 0.006638 0.254272 9870) (14 0.005539 0.252397 9872) (15 0.004694 0.258385 9874) (16 0.004002 0.253608 9877) (17 0.003432 0.253726 9879) (18 0.002957 0.260226 9879) (19 0.002559 0.253832 9878) (20 0.002238 0.255223 9877)) (59977 0.002575)
net=((:conv 5 20) (:relu) (:pool) (:conv 5 50) (:relu) (:fc 500) (:relu) (:fc 10))
 params=1631080 device=:gpu precision=32 batch=200 lr=0.001
 epoch  1  loss ave.:   0.3613     0.476 [sec wall]   test: 9679/10000 (96.79%)
 epoch  2  loss ave.:   0.0746     0.475 [sec wall]   test: 9796/10000 (97.96%)
 epoch  3  loss ave.:   0.0482     0.476 [sec wall]   test: 9831/10000 (98.31%)
 epoch  4  loss ave.:   0.0338     0.472 [sec wall]   test: 9850/10000 (98.50%)
 epoch  5  loss ave.:   0.0248     0.473 [sec wall]   test: 9853/10000 (98.53%)
 epoch  6  loss ave.:   0.0181     0.473 [sec wall]   test: 9860/10000 (98.60%)
 epoch  7  loss ave.:   0.0131     0.478 [sec wall]   test: 9858/10000 (98.58%)
 epoch  8  loss ave.:   0.0096     0.473 [sec wall]   test: 9861/10000 (98.61%)
 epoch  9  loss ave.:   0.0071     0.474 [sec wall]   test: 9865/10000 (98.65%)
 epoch 10  loss ave.:   0.0055     0.471 [sec wall]   test: 9870/10000 (98.70%)
 epoch 11  loss ave.:   0.0039     0.477 [sec wall]   test: 9876/10000 (98.76%)
 epoch 12  loss ave.:   0.0030     0.470 [sec wall]   test: 9886/10000 (98.86%)
 epoch 13  loss ave.:   0.0022     0.475 [sec wall]   test: 9894/10000 (98.94%)
 epoch 14  loss ave.:   0.0022     0.473 [sec wall]   test: 9889/10000 (98.89%)
 epoch 15  loss ave.:   0.0028     0.474 [sec wall]   test: 9888/10000 (98.88%)
 epoch 16  loss ave.:      inf     0.475 [sec wall]   test: 1135/10000 (11.35%)
 epoch 17  loss ave.:   2.3014     0.466 [sec wall]   test: 1135/10000 (11.35%)
 epoch 18  loss ave.:   2.3014     0.471 [sec wall]   test: 1135/10000 (11.35%)
 epoch 19  loss ave.:   2.3014     0.465 [sec wall]   test: 1135/10000 (11.35%)
 epoch 20  loss ave.:   2.3014     0.473 [sec wall]   test: 1135/10000 (11.35%)
ABL "pool 1 time" ((:conv 5 20) (:relu) (:pool) (:conv 5 50) (:relu) (:fc 500) (:relu) (:fc 10)) 1631080 6986000 ((1 0.361338 0.475621 9679) (2 0.074646 0.475131 9796) (3 0.04817 0.476049 9831) (4 0.033791 0.4715 9850) (5 0.02484 0.472919 9853) (6 0.018138 0.473436 9860) (7 0.013129 0.477551 9858) (8 0.009573 0.472598 9861) (9 0.007074 0.473845 9865) (10 0.005513 0.471438 9870) (11 0.003911 0.476964 9876) (12 0.002999 0.470339 9886) (13 0.002171 0.474542 9894) (14 0.002162 0.472551 9889) (15 0.002834 0.474136 9888) (16 inf 0.475053 1135) (17 2.30138 0.465827 1135) (18 2.30138 0.470817 1135) (19 2.30138 0.464818 1135) (20 2.30138 0.472563 1135)) (6742 2.30129)
net=((:conv 5 20) (:relu) (:pool) (:conv 5 50) (:relu) (:pool) (:fc 100) (:relu) (:fc 10))
 params=106680 device=:gpu precision=32 batch=200 lr=0.001
 epoch  1  loss ave.:   0.4286     0.417 [sec wall]   test: 9722/10000 (97.22%)
 epoch  2  loss ave.:   0.0831     0.419 [sec wall]   test: 9814/10000 (98.14%)
 epoch  3  loss ave.:   0.0553     0.412 [sec wall]   test: 9853/10000 (98.53%)
 epoch  4  loss ave.:   0.0430     0.413 [sec wall]   test: 9865/10000 (98.65%)
 epoch  5  loss ave.:   0.0351     0.417 [sec wall]   test: 9883/10000 (98.83%)
 epoch  6  loss ave.:   0.0293     0.412 [sec wall]   test: 9886/10000 (98.86%)
 epoch  7  loss ave.:   0.0246     0.416 [sec wall]   test: 9892/10000 (98.92%)
 epoch  8  loss ave.:   0.0206     0.413 [sec wall]   test: 9896/10000 (98.96%)
 epoch  9  loss ave.:   0.0176     0.418 [sec wall]   test: 9894/10000 (98.94%)
 epoch 10  loss ave.:   0.0149     0.412 [sec wall]   test: 9895/10000 (98.95%)
 epoch 11  loss ave.:   0.0126     0.419 [sec wall]   test: 9896/10000 (98.96%)
 epoch 12  loss ave.:   0.0106     0.410 [sec wall]   test: 9902/10000 (99.02%)
 epoch 13  loss ave.:   0.0091     0.417 [sec wall]   test: 9903/10000 (99.03%)
 epoch 14  loss ave.:   0.0074     0.411 [sec wall]   test: 9904/10000 (99.04%)
 epoch 15  loss ave.:   0.0063     0.417 [sec wall]   test: 9899/10000 (98.99%)
 epoch 16  loss ave.:   0.0051     0.413 [sec wall]   test: 9900/10000 (99.00%)
 epoch 17  loss ave.:   0.0047     0.415 [sec wall]   test: 9903/10000 (99.03%)
 epoch 18  loss ave.:   0.0041     0.412 [sec wall]   test: 9905/10000 (99.05%)
 epoch 19  loss ave.:   0.0033     0.416 [sec wall]   test: 9902/10000 (99.02%)
 epoch 20  loss ave.:   0.0031     0.412 [sec wall]   test: 9905/10000 (99.05%)
ABL "fc 100" ((:conv 5 20) (:relu) (:pool) (:conv 5 50) (:relu) (:pool) (:fc 100) (:relu) (:fc 10)) 106680 3938000 ((1 0.428595 0.417229 9722) (2 0.083052 0.419471 9814) (3 0.055322 0.412189 9853) (4 0.043006 0.4132 9865) (5 0.035149 0.41662 9883) (6 0.029333 0.411536 9886) (7 0.024553 0.416177 9892) (8 0.020648 0.413157 9896) (9 0.017595 0.417777 9894) (10 0.014939 0.411883 9895) (11 0.012563 0.418579 9896) (12 0.010621 0.410055 9902) (13 0.009129 0.41729 9903) (14 0.00743 0.410527 9904) (15 0.006252 0.417306 9899) (16 0.005136 0.412646 9900) (17 0.004746 0.41486 9903) (18 0.004138 0.411961 9905) (19 0.003322 0.416203 9902) (20 0.003093 0.412389 9905)) (59902 0.004687)
net=((:conv 5 20) (:relu) (:pool) (:conv 5 50) (:relu) (:pool) (:fc 10))
 params=33580 device=:gpu precision=32 batch=200 lr=0.001
 epoch  1  loss ave.:   0.3351     0.409 [sec wall]   test: 9699/10000 (96.99%)
 epoch  2  loss ave.:   0.0818     0.400 [sec wall]   test: 9779/10000 (97.79%)
 epoch  3  loss ave.:   0.0599     0.405 [sec wall]   test: 9812/10000 (98.12%)
 epoch  4  loss ave.:   0.0493     0.401 [sec wall]   test: 9835/10000 (98.35%)
 epoch  5  loss ave.:   0.0424     0.404 [sec wall]   test: 9847/10000 (98.47%)
 epoch  6  loss ave.:   0.0375     0.401 [sec wall]   test: 9857/10000 (98.57%)
 epoch  7  loss ave.:   0.0337     0.403 [sec wall]   test: 9864/10000 (98.64%)
 epoch  8  loss ave.:   0.0305     0.400 [sec wall]   test: 9870/10000 (98.70%)
 epoch  9  loss ave.:   0.0278     0.403 [sec wall]   test: 9872/10000 (98.72%)
 epoch 10  loss ave.:   0.0254     0.399 [sec wall]   test: 9875/10000 (98.75%)
 epoch 11  loss ave.:   0.0233     0.399 [sec wall]   test: 9876/10000 (98.76%)
 epoch 12  loss ave.:   0.0213     0.401 [sec wall]   test: 9878/10000 (98.78%)
 epoch 13  loss ave.:   0.0196     0.400 [sec wall]   test: 9879/10000 (98.79%)
 epoch 14  loss ave.:   0.0179     0.403 [sec wall]   test: 9887/10000 (98.87%)
 epoch 15  loss ave.:   0.0165     0.402 [sec wall]   test: 9890/10000 (98.90%)
 epoch 16  loss ave.:   0.0152     0.404 [sec wall]   test: 9893/10000 (98.93%)
 epoch 17  loss ave.:   0.0140     0.402 [sec wall]   test: 9894/10000 (98.94%)
 epoch 18  loss ave.:   0.0129     0.406 [sec wall]   test: 9897/10000 (98.97%)
 epoch 19  loss ave.:   0.0118     0.400 [sec wall]   test: 9894/10000 (98.94%)
 epoch 20  loss ave.:   0.0109     0.402 [sec wall]   test: 9894/10000 (98.94%)
ABL "fc none" ((:conv 5 20) (:relu) (:pool) (:conv 5 50) (:relu) (:pool) (:fc 10)) 33580 3792000 ((1 0.335149 0.408708 9699) (2 0.081776 0.400102 9779) (3 0.059875 0.405261 9812) (4 0.049329 0.401299 9835) (5 0.042379 0.404046 9847) (6 0.037455 0.400888 9857) (7 0.033655 0.403388 9864) (8 0.030505 0.400253 9870) (9 0.027769 0.40345 9872) (10 0.025363 0.398708 9875) (11 0.023268 0.399382 9876) (12 0.021303 0.401463 9878) (13 0.019555 0.399758 9879) (14 0.017929 0.403211 9887) (15 0.016487 0.40211 9890) (16 0.015188 0.404384 9893) (17 0.013999 0.402071 9894) (18 0.012859 0.406064 9897) (19 0.0118 0.400267 9894) (20 0.010866 0.402133 9894)) (59748 0.012982)
net=((:conv 5 20) (:relu) (:pool) (:conv 5 50) (:relu) (:pool) (:fc 500) (:relu) (:fc 10))
 params=431080 device=:gpu precision=32 batch=200 lr=0.001
 epoch  1  loss ave.:   0.3367     0.433 [sec wall]   test: 9753/10000 (97.53%)
 epoch  2  loss ave.:   0.0672     0.435 [sec wall]   test: 9836/10000 (98.36%)
 epoch  3  loss ave.:   0.0458     0.430 [sec wall]   test: 9867/10000 (98.67%)
 epoch  4  loss ave.:   0.0345     0.434 [sec wall]   test: 9890/10000 (98.90%)
 epoch  5  loss ave.:   0.0272     0.430 [sec wall]   test: 9896/10000 (98.96%)
 epoch  6  loss ave.:   0.0218     0.438 [sec wall]   test: 9899/10000 (98.99%)
 epoch  7  loss ave.:   0.0174     0.432 [sec wall]   test: 9904/10000 (99.04%)
 epoch  8  loss ave.:   0.0139     0.435 [sec wall]   test: 9909/10000 (99.09%)
 epoch  9  loss ave.:   0.0109     0.430 [sec wall]   test: 9905/10000 (99.05%)
 epoch 10  loss ave.:   0.0086     0.435 [sec wall]   test: 9911/10000 (99.11%)
 epoch 11  loss ave.:   0.0069     0.430 [sec wall]   test: 9914/10000 (99.14%)
 epoch 12  loss ave.:   0.0054     0.434 [sec wall]   test: 9922/10000 (99.22%)
 epoch 13  loss ave.:   0.0044     0.432 [sec wall]   test: 9919/10000 (99.19%)
 epoch 14  loss ave.:   0.0036     0.438 [sec wall]   test: 9919/10000 (99.19%)
 epoch 15  loss ave.:   0.0029     0.429 [sec wall]   test: 9914/10000 (99.14%)
 epoch 16  loss ave.:   0.0026     0.438 [sec wall]   test: 9917/10000 (99.17%)
 epoch 17  loss ave.:   0.0024     0.431 [sec wall]   test: 9916/10000 (99.16%)
 epoch 18  loss ave.:   0.0019     0.435 [sec wall]   test: 9914/10000 (99.14%)
 epoch 19  loss ave.:   0.0018     0.431 [sec wall]   test: 9916/10000 (99.16%)
 epoch 20  loss ave.:   0.0013     0.436 [sec wall]   test: 9917/10000 (99.17%)
LR 0.0005 ((1 0.336724 0.432889 9753) (2 0.06717 0.43549 9836) (3 0.04578 0.429744 9867) (4 0.034483 0.433979 9890) (5 0.027225 0.430428 9896) (6 0.021789 0.437586 9899) (7 0.017373 0.431566 9904) (8 0.013905 0.434855 9909) (9 0.010879 0.430227 9905) (10 0.008585 0.435425 9911) (11 0.006857 0.430444 9914) (12 0.005391 0.434176 9922) (13 0.004399 0.431624 9919) (14 0.003583 0.437964 9919) (15 0.002918 0.429213 9914) (16 0.002596 0.43813 9917) (17 0.002397 0.430722 9916) (18 0.001875 0.435116 9914) (19 0.001841 0.430674 9916) (20 0.001271 0.436446 9917))
net=((:conv 5 20) (:relu) (:pool) (:conv 5 50) (:relu) (:pool) (:fc 500) (:relu) (:fc 10))
 params=431080 device=:gpu precision=32 batch=200 lr=0.001
 epoch  1  loss ave.:   0.3367     0.434 [sec wall]   test: 9753/10000 (97.53%)
 epoch  2  loss ave.:   0.0672     0.435 [sec wall]   test: 9836/10000 (98.36%)
 epoch  3  loss ave.:   0.0458     0.430 [sec wall]   test: 9867/10000 (98.67%)
 epoch  4  loss ave.:   0.0345     0.434 [sec wall]   test: 9890/10000 (98.90%)
 epoch  5  loss ave.:   0.0272     0.429 [sec wall]   test: 9896/10000 (98.96%)
 epoch  6  loss ave.:   0.0218     0.430 [sec wall]   test: 9899/10000 (98.99%)
 epoch  7  loss ave.:   0.0174     0.428 [sec wall]   test: 9904/10000 (99.04%)
 epoch  8  loss ave.:   0.0139     0.434 [sec wall]   test: 9909/10000 (99.09%)
 epoch  9  loss ave.:   0.0109     0.430 [sec wall]   test: 9905/10000 (99.05%)
 epoch 10  loss ave.:   0.0086     0.435 [sec wall]   test: 9911/10000 (99.11%)
 epoch 11  loss ave.:   0.0069     0.431 [sec wall]   test: 9914/10000 (99.14%)
 epoch 12  loss ave.:   0.0054     0.437 [sec wall]   test: 9922/10000 (99.22%)
 epoch 13  loss ave.:   0.0044     0.431 [sec wall]   test: 9919/10000 (99.19%)
 epoch 14  loss ave.:   0.0036     0.434 [sec wall]   test: 9919/10000 (99.19%)
 epoch 15  loss ave.:   0.0029     0.430 [sec wall]   test: 9914/10000 (99.14%)
 epoch 16  loss ave.:   0.0026     0.436 [sec wall]   test: 9917/10000 (99.17%)
 epoch 17  loss ave.:   0.0024     0.429 [sec wall]   test: 9916/10000 (99.16%)
 epoch 18  loss ave.:   0.0019     0.433 [sec wall]   test: 9914/10000 (99.14%)
 epoch 19  loss ave.:   0.0018     0.428 [sec wall]   test: 9916/10000 (99.16%)
 epoch 20  loss ave.:   0.0013     0.434 [sec wall]   test: 9917/10000 (99.17%)
LR 0.001 ((1 0.336724 0.434237 9753) (2 0.06717 0.434901 9836) (3 0.04578 0.429641 9867) (4 0.034483 0.434294 9890) (5 0.027225 0.429144 9896) (6 0.021789 0.430405 9899) (7 0.017373 0.428119 9904) (8 0.013905 0.43431 9909) (9 0.010879 0.429806 9905) (10 0.008585 0.434804 9911) (11 0.006857 0.430941 9914) (12 0.005391 0.437057 9922) (13 0.004399 0.430738 9919) (14 0.003583 0.433759 9919) (15 0.002918 0.42966 9914) (16 0.002596 0.435578 9917) (17 0.002397 0.429495 9916) (18 0.001875 0.4333 9914) (19 0.001841 0.427876 9916) (20 0.001271 0.433786 9917))
net=((:conv 5 20) (:relu) (:pool) (:conv 5 50) (:relu) (:pool) (:fc 500) (:relu) (:fc 10))
 params=431080 device=:gpu precision=32 batch=200 lr=0.001
 epoch  1  loss ave.:   0.3367     0.447 [sec wall]   test: 9753/10000 (97.53%)
 epoch  2  loss ave.:   0.0672     0.444 [sec wall]   test: 9836/10000 (98.36%)
 epoch  3  loss ave.:   0.0458     0.438 [sec wall]   test: 9867/10000 (98.67%)
 epoch  4  loss ave.:   0.0345     0.442 [sec wall]   test: 9890/10000 (98.90%)
 epoch  5  loss ave.:   0.0272     0.438 [sec wall]   test: 9896/10000 (98.96%)
 epoch  6  loss ave.:   0.0218     0.444 [sec wall]   test: 9899/10000 (98.99%)
 epoch  7  loss ave.:   0.0174     0.439 [sec wall]   test: 9904/10000 (99.04%)
 epoch  8  loss ave.:   0.0139     0.443 [sec wall]   test: 9909/10000 (99.09%)
 epoch  9  loss ave.:   0.0109     0.436 [sec wall]   test: 9905/10000 (99.05%)
 epoch 10  loss ave.:   0.0086     0.443 [sec wall]   test: 9911/10000 (99.11%)
 epoch 11  loss ave.:   0.0069     0.437 [sec wall]   test: 9914/10000 (99.14%)
 epoch 12  loss ave.:   0.0054     0.443 [sec wall]   test: 9922/10000 (99.22%)
 epoch 13  loss ave.:   0.0044     0.439 [sec wall]   test: 9919/10000 (99.19%)
 epoch 14  loss ave.:   0.0036     0.445 [sec wall]   test: 9919/10000 (99.19%)
 epoch 15  loss ave.:   0.0029     0.442 [sec wall]   test: 9914/10000 (99.14%)
 epoch 16  loss ave.:   0.0026     0.444 [sec wall]   test: 9917/10000 (99.17%)
 epoch 17  loss ave.:   0.0024     0.440 [sec wall]   test: 9916/10000 (99.16%)
 epoch 18  loss ave.:   0.0019     0.443 [sec wall]   test: 9914/10000 (99.14%)
 epoch 19  loss ave.:   0.0018     0.439 [sec wall]   test: 9916/10000 (99.16%)
 epoch 20  loss ave.:   0.0013     0.443 [sec wall]   test: 9917/10000 (99.17%)
LR 0.002 ((1 0.336724 0.447149 9753) (2 0.06717 0.444418 9836) (3 0.04578 0.438088 9867) (4 0.034483 0.442115 9890) (5 0.027225 0.437926 9896) (6 0.021789 0.443738 9899) (7 0.017373 0.438578 9904) (8 0.013905 0.442603 9909) (9 0.010879 0.435786 9905) (10 0.008585 0.443201 9911) (11 0.006857 0.437012 9914) (12 0.005391 0.443365 9922) (13 0.004399 0.438769 9919) (14 0.003583 0.444979 9919) (15 0.002918 0.442308 9914) (16 0.002596 0.443874 9917) (17 0.002397 0.440078 9916) (18 0.001875 0.442979 9914) (19 0.001841 0.439366 9916) (20 0.001271 0.442601 9917))
net=((:conv 5 20) (:relu) (:pool) (:conv 5 50) (:relu) (:pool) (:fc 500) (:relu) (:fc 10))
 params=431080 device=:gpu precision=32 batch=50 lr=0.001
 epoch  1  loss ave.:   0.2408     0.576 [sec wall]   test: 9744/10000 (97.44%)
 epoch  2  loss ave.:   0.0637     0.561 [sec wall]   test: 9839/10000 (98.39%)
 epoch  3  loss ave.:   0.0446     0.567 [sec wall]   test: 9869/10000 (98.69%)
 epoch  4  loss ave.:   0.0341     0.565 [sec wall]   test: 9887/10000 (98.87%)
 epoch  5  loss ave.:   0.0270     0.563 [sec wall]   test: 9891/10000 (98.91%)
 epoch  6  loss ave.:   0.0216     0.565 [sec wall]   test: 9890/10000 (98.90%)
 epoch  7  loss ave.:   0.0172     0.560 [sec wall]   test: 9899/10000 (98.99%)
 epoch  8  loss ave.:   0.0136     0.564 [sec wall]   test: 9901/10000 (99.01%)
 epoch  9  loss ave.:   0.0106     0.564 [sec wall]   test: 9905/10000 (99.05%)
 epoch 10  loss ave.:   0.0084     0.560 [sec wall]   test: 9909/10000 (99.09%)
 epoch 11  loss ave.:   0.0067     0.565 [sec wall]   test: 9909/10000 (99.09%)
 epoch 12  loss ave.:   0.0053     0.565 [sec wall]   test: 9910/10000 (99.10%)
 epoch 13  loss ave.:   0.0042     0.558 [sec wall]   test: 9917/10000 (99.17%)
 epoch 14  loss ave.:   0.0034     0.565 [sec wall]   test: 9914/10000 (99.14%)
 epoch 15  loss ave.:   0.0027     0.560 [sec wall]   test: 9916/10000 (99.16%)
 epoch 16  loss ave.:   0.0024     0.564 [sec wall]   test: 9906/10000 (99.06%)
 epoch 17  loss ave.:   0.0047     0.566 [sec wall]   test: 9910/10000 (99.10%)
 epoch 18  loss ave.:   0.0023     0.558 [sec wall]   test: 9907/10000 (99.07%)
 epoch 19  loss ave.:   0.0017     0.564 [sec wall]   test: 9913/10000 (99.13%)
 epoch 20  loss ave.:   0.0013     0.565 [sec wall]   test: 9912/10000 (99.12%)
BS 50 ((1 0.240784 0.575543 9744) (2 0.063651 0.561467 9839) (3 0.044634 0.567245 9869) (4 0.034134 0.564621 9887) (5 0.027034 0.563098 9891) (6 0.02156 0.565338 9890) (7 0.017232 0.559972 9899) (8 0.01356 0.563951 9901) (9 0.010647 0.564361 9905) (10 0.008407 0.560372 9909) (11 0.00672 0.564753 9909) (12 0.005307 0.565091 9910) (13 0.004247 0.558248 9917) (14 0.00338 0.564536 9914) (15 0.002675 0.560097 9916) (16 0.002396 0.563957 9906) (17 0.004664 0.566098 9910) (18 0.002313 0.558058 9907) (19 0.00173 0.563931 9913) (20 0.001298 0.565388 9912))
net=((:conv 5 20) (:relu) (:pool) (:conv 5 50) (:relu) (:pool) (:fc 500) (:relu) (:fc 10))
 params=431080 device=:gpu precision=32 batch=500 lr=0.001
 epoch  1  loss ave.:   2.2715     0.527 [sec wall]   test: 1135/10000 (11.35%)
 epoch  2  loss ave.:   2.3014     0.528 [sec wall]   test: 1135/10000 (11.35%)
 epoch  3  loss ave.:   2.3014     0.517 [sec wall]   test: 1135/10000 (11.35%)
 epoch  4  loss ave.:   2.3014     0.525 [sec wall]   test: 1135/10000 (11.35%)
 epoch  5  loss ave.:   2.3014     0.522 [sec wall]   test: 1135/10000 (11.35%)
 epoch  6  loss ave.:   2.3014     0.513 [sec wall]   test: 1135/10000 (11.35%)
 epoch  7  loss ave.:   2.3014     0.525 [sec wall]   test: 1135/10000 (11.35%)
 epoch  8  loss ave.:   2.3014     0.514 [sec wall]   test: 1135/10000 (11.35%)
 epoch  9  loss ave.:   2.3014     0.524 [sec wall]   test: 1135/10000 (11.35%)
 epoch 10  loss ave.:   2.3014     0.513 [sec wall]   test: 1135/10000 (11.35%)
 epoch 11  loss ave.:   2.3014     0.521 [sec wall]   test: 1135/10000 (11.35%)
 epoch 12  loss ave.:   2.3014     0.522 [sec wall]   test: 1135/10000 (11.35%)
 epoch 13  loss ave.:   2.3014     0.516 [sec wall]   test: 1135/10000 (11.35%)
 epoch 14  loss ave.:   2.3014     0.523 [sec wall]   test: 1135/10000 (11.35%)
 epoch 15  loss ave.:   2.3014     0.514 [sec wall]   test: 1135/10000 (11.35%)
 epoch 16  loss ave.:   2.3014     0.524 [sec wall]   test: 1135/10000 (11.35%)
 epoch 17  loss ave.:   2.3014     0.520 [sec wall]   test: 1135/10000 (11.35%)
 epoch 18  loss ave.:   2.3014     0.517 [sec wall]   test: 1135/10000 (11.35%)
 epoch 19  loss ave.:   2.3014     0.522 [sec wall]   test: 1135/10000 (11.35%)
 epoch 20  loss ave.:   2.3014     0.516 [sec wall]   test: 1135/10000 (11.35%)
BS 500 ((1 2.27152 0.527275 1135) (2 2.30143 0.527648 1135) (3 2.30143 0.516726 1135) (4 2.30143 0.525236 1135) (5 2.30143 0.521866 1135) (6 2.30143 0.512963 1135) (7 2.30143 0.524615 1135) (8 2.30143 0.514417 1135) (9 2.30143 0.523507 1135) (10 2.30142 0.512766 1135) (11 2.30142 0.520516 1135) (12 2.30142 0.521905 1135) (13 2.30142 0.516261 1135) (14 2.30142 0.522834 1135) (15 2.30142 0.514064 1135) (16 2.30142 0.52449 1135) (17 2.30142 0.519885 1135) (18 2.30142 0.516551 1135) (19 2.30142 0.521729 1135) (20 2.30141 0.516386 1135))
DONE
