 06:47:36 up 2 days, 19:47,  1 user,  load average: 6.37, 18.56, 12.66
RESULT gpu "NVIDIA GB10 (sm_121, 48 SMs)"
RESULT infer lisp-cblas   9.1023 s 9824
RESULT infer lisp-A-dgemm   2.0035 s 9824
RESULT infer A-gpu-fp64   0.0939 s 9824
RESULT infer D-ipc-fp64   0.0934 s 9824
RESULT infer A-gpu-fp32   0.0041 s 9824
RESULT infer D-ipc-fp32   0.0051 s 9824
RESULT train20 gpu-fp32 ((1 0.34171 0.159747 9473) (2 0.145478 0.124813 9615) (3 0.102149 0.095198 9676) (4 0.077548 0.10006 9730) (5 0.060794 0.094861 9749) (6 0.048461 0.095653 9764) (7 0.03902 0.095507 9774) (8 0.031586 0.098293 9789) (9 0.025699 0.096987 9792) (10 0.020976 0.09627 9800) (11 0.017206 0.095584 9800) (12 0.014228 0.096786 9805) (13 0.011878 0.094286 9808) (14 0.00998 0.097695 9809) (15 0.008466 0.095485 9811) (16 0.007236 0.094989 9813) (17 0.006254 0.094402 9815) (18 0.005466 0.09621 9820) (19 0.004817 0.098254 9818) (20 0.004282 0.097729 9817))
RESULT train20 d-ipc-fp64 ((1 0.341765 1.58545 9470) (2 0.145502 1.54141 9617) (3 0.102242 1.54117 9676) (4 0.077604 1.54531 9724) (5 0.060821 1.53597 9747) (6 0.048497 1.5266 9766) (7 0.03904 1.52629 9770) (8 0.031654 1.53434 9785) (9 0.025683 1.54394 9791) (10 0.020954 1.53888 9793) (11 0.017201 1.54475 9797) (12 0.014209 1.548 9802) (13 0.01183 1.52963 9806) (14 0.009945 1.52301 9813) (15 0.008431 1.53573 9813) (16 0.007211 1.53644 9818) (17 0.006238 1.54315 9819) (18 0.00545 1.52921 9821) (19 0.004804 1.53368 9820) (20 0.004267 1.52824 9822))
 06:49:23 up 2 days, 19:49,  1 user,  load average: 13.49, 18.78, 13.47
RESULT cpu threads 20
RESULT cpusweep 50 c-openblas   7.6335
RESULT cpusweep 100 c-openblas   6.2974
RESULT cpusweep 200 c-openblas   6.4282
RESULT cpusweep 500 c-openblas   8.7058
RESULT cpusweep 1000 c-openblas   8.3536
RESULT cpu lisp-loop cblas   28.595 s
 06:51:57 up 2 days, 19:52,  1 user,  load average: 18.33, 17.84, 13.84
RESULT cpu threads 4
RESULT cpusweep 50 c-openblas   8.8492
RESULT cpusweep 100 c-openblas   8.7616
RESULT cpusweep 200 c-openblas   8.0742
RESULT cpusweep 500 c-openblas   7.6517
RESULT cpusweep 1000 c-openblas   7.1794
RESULT cpu lisp-loop cblas   27.532 s
DONE
