;; .eusrc executed!! *rcb4eus-dir*=/home/mi/kxreus added, *load-path* updated!!
(test-mnist-train)
;;(test-mnist-batch 200) ;; train from train-images
;;(test-mnist-test) ;; test test-images
;;(test-mnist-train) ;; test train-images
;; (test-mnist-batch-cuda 200)        ;; train on GPU (FP64)
;; (test-mnist-batch-cuda 200 :precision 32)
;; (test-mnist-batch-lisp 200 :dgemm :cuda)
;; (test-mnist-cuda-test)             ;; test mlp/mnist-mlp-19.l on GPU
;; (bench-mnist-cuda)
Loading datasets ... mnist-datasets.l
Loaded datasets ...
net=((:conv 5 20) (:relu) (:pool) (:conv 5 50) (:relu) (:pool) (:fc 500) (:relu) (:fc 10))
 params=431080 device=:gpu precision=32 batch=200 lr=0.0005
 epoch  1  loss ave.:   0.4123     0.785 [sec wall]   test: 9665/10000 (96.65%)
 epoch  2  loss ave.:   0.0931     0.440 [sec wall]   test: 9775/10000 (97.75%)
 epoch  3  loss ave.:   0.0642     0.434 [sec wall]   test: 9826/10000 (98.26%)
 epoch  4  loss ave.:   0.0502     0.439 [sec wall]   test: 9850/10000 (98.50%)
 epoch  5  loss ave.:   0.0413     0.434 [sec wall]   test: 9865/10000 (98.65%)
 epoch  6  loss ave.:   0.0348     0.438 [sec wall]   test: 9882/10000 (98.82%)
 epoch  7  loss ave.:   0.0297     0.435 [sec wall]   test: 9882/10000 (98.82%)
 epoch  8  loss ave.:   0.0256     0.441 [sec wall]   test: 9880/10000 (98.80%)
 epoch  9  loss ave.:   0.0221     0.435 [sec wall]   test: 9882/10000 (98.82%)
 epoch 10  loss ave.:   0.0191     0.439 [sec wall]   test: 9886/10000 (98.86%)
 epoch 11  loss ave.:   0.0165     0.436 [sec wall]   test: 9883/10000 (98.83%)
 epoch 12  loss ave.:   0.0142     0.440 [sec wall]   test: 9888/10000 (98.88%)
 epoch 13  loss ave.:   0.0123     0.433 [sec wall]   test: 9890/10000 (98.90%)
 epoch 14  loss ave.:   0.0106     0.437 [sec wall]   test: 9889/10000 (98.89%)
 epoch 15  loss ave.:   0.0092     0.435 [sec wall]   test: 9891/10000 (98.91%)
 epoch 16  loss ave.:   0.0079     0.440 [sec wall]   test: 9894/10000 (98.94%)
 epoch 17  loss ave.:   0.0068     0.435 [sec wall]   test: 9896/10000 (98.96%)
 epoch 18  loss ave.:   0.0059     0.438 [sec wall]   test: 9900/10000 (99.00%)
 epoch 19  loss ave.:   0.0052     0.437 [sec wall]   test: 9902/10000 (99.02%)
 epoch 20  loss ave.:   0.0045     0.440 [sec wall]   test: 9903/10000 (99.03%)
LR2 0.0005 ((1 0.412263 0.784958 9665) (2 0.093102 0.439507 9775) (3 0.064161 0.434291 9826) (4 0.050246 0.438942 9850) (5 0.041296 0.434096 9865) (6 0.034773 0.438351 9882) (7 0.029671 0.434996 9882) (8 0.025577 0.440915 9880) (9 0.022074 0.434501 9882) (10 0.019093 0.438573 9886) (11 0.016457 0.435748 9883) (12 0.014204 0.440454 9888) (13 0.012255 0.432508 9890) (14 0.010636 0.436682 9889) (15 0.009159 0.435195 9891) (16 0.007861 0.440395 9894) (17 0.006799 0.434735 9896) (18 0.005919 0.438494 9900) (19 0.005159 0.436722 9902) (20 0.004504 0.439608 9903))
net=((:conv 5 20) (:relu) (:pool) (:conv 5 50) (:relu) (:pool) (:fc 500) (:relu) (:fc 10))
 params=431080 device=:gpu precision=32 batch=200 lr=0.001
 epoch  1  loss ave.:   0.3367     0.436 [sec wall]   test: 9753/10000 (97.53%)
 epoch  2  loss ave.:   0.0672     0.431 [sec wall]   test: 9836/10000 (98.36%)
 epoch  3  loss ave.:   0.0458     0.434 [sec wall]   test: 9867/10000 (98.67%)
 epoch  4  loss ave.:   0.0345     0.430 [sec wall]   test: 9890/10000 (98.90%)
 epoch  5  loss ave.:   0.0272     0.432 [sec wall]   test: 9896/10000 (98.96%)
 epoch  6  loss ave.:   0.0218     0.429 [sec wall]   test: 9899/10000 (98.99%)
 epoch  7  loss ave.:   0.0174     0.433 [sec wall]   test: 9904/10000 (99.04%)
 epoch  8  loss ave.:   0.0139     0.433 [sec wall]   test: 9909/10000 (99.09%)
 epoch  9  loss ave.:   0.0109     0.438 [sec wall]   test: 9905/10000 (99.05%)
 epoch 10  loss ave.:   0.0086     0.431 [sec wall]   test: 9911/10000 (99.11%)
 epoch 11  loss ave.:   0.0069     0.436 [sec wall]   test: 9914/10000 (99.14%)
 epoch 12  loss ave.:   0.0054     0.433 [sec wall]   test: 9922/10000 (99.22%)
 epoch 13  loss ave.:   0.0044     0.436 [sec wall]   test: 9919/10000 (99.19%)
 epoch 14  loss ave.:   0.0036     0.430 [sec wall]   test: 9919/10000 (99.19%)
 epoch 15  loss ave.:   0.0029     0.436 [sec wall]   test: 9914/10000 (99.14%)
 epoch 16  loss ave.:   0.0026     0.430 [sec wall]   test: 9917/10000 (99.17%)
 epoch 17  loss ave.:   0.0024     0.434 [sec wall]   test: 9916/10000 (99.16%)
 epoch 18  loss ave.:   0.0019     0.433 [sec wall]   test: 9914/10000 (99.14%)
 epoch 19  loss ave.:   0.0018     0.431 [sec wall]   test: 9916/10000 (99.16%)
 epoch 20  loss ave.:   0.0013     0.435 [sec wall]   test: 9917/10000 (99.17%)
LR2 0.001 ((1 0.336724 0.43572 9753) (2 0.06717 0.431096 9836) (3 0.04578 0.433557 9867) (4 0.034483 0.429886 9890) (5 0.027225 0.432285 9896) (6 0.021789 0.429489 9899) (7 0.017373 0.432756 9904) (8 0.013905 0.43315 9909) (9 0.010879 0.437622 9905) (10 0.008585 0.431415 9911) (11 0.006857 0.435602 9914) (12 0.005391 0.433105 9922) (13 0.004399 0.435722 9919) (14 0.003583 0.429915 9919) (15 0.002918 0.435834 9914) (16 0.002596 0.429905 9917) (17 0.002397 0.433844 9916) (18 0.001875 0.433008 9914) (19 0.001841 0.431274 9916) (20 0.001271 0.434769 9917))
net=((:conv 5 20) (:relu) (:pool) (:conv 5 50) (:relu) (:pool) (:fc 500) (:relu) (:fc 10))
 params=431080 device=:gpu precision=32 batch=200 lr=0.002
 epoch  1  loss ave.:   0.4550     0.442 [sec wall]   test: 9790/10000 (97.90%)
 epoch  2  loss ave.:   0.0574     0.432 [sec wall]   test: 9847/10000 (98.47%)
 epoch  3  loss ave.:   0.0369     0.435 [sec wall]   test: 9850/10000 (98.50%)
 epoch  4  loss ave.:   0.0260     0.431 [sec wall]   test: 9859/10000 (98.59%)
 epoch  5  loss ave.:   0.0192     0.436 [sec wall]   test: 9865/10000 (98.65%)
 epoch  6  loss ave.:   0.0145     0.429 [sec wall]   test: 9875/10000 (98.75%)
 epoch  7  loss ave.:   0.0107     0.434 [sec wall]   test: 9899/10000 (98.99%)
 epoch  8  loss ave.:   0.0081     0.425 [sec wall]   test: 9896/10000 (98.96%)
 epoch  9  loss ave.:   0.0073     0.433 [sec wall]   test: 9904/10000 (99.04%)
 epoch 10  loss ave.:   0.0987     0.425 [sec wall]   test: 9862/10000 (98.62%)
 epoch 11  loss ave.:   0.0202     0.434 [sec wall]   test: 9886/10000 (98.86%)
 epoch 12  loss ave.:   0.0113     0.428 [sec wall]   test: 9896/10000 (98.96%)
 epoch 13  loss ave.:   0.0066     0.435 [sec wall]   test: 9903/10000 (99.03%)
 epoch 14  loss ave.:   0.0049     0.428 [sec wall]   test: 9902/10000 (99.02%)
 epoch 15  loss ave.:   0.0030     0.432 [sec wall]   test: 9910/10000 (99.10%)
 epoch 16  loss ave.:   0.0025     0.428 [sec wall]   test: 9907/10000 (99.07%)
 epoch 17  loss ave.:   0.0019     0.434 [sec wall]   test: 9906/10000 (99.06%)
 epoch 18  loss ave.:   0.0011     0.428 [sec wall]   test: 9912/10000 (99.12%)
 epoch 19  loss ave.:   0.0008     0.434 [sec wall]   test: 9908/10000 (99.08%)
 epoch 20  loss ave.:   0.0005     0.431 [sec wall]   test: 9908/10000 (99.08%)
LR2 0.002 ((1 0.455039 0.441811 9790) (2 0.057414 0.432129 9847) (3 0.036945 0.435058 9850) (4 0.02596 0.430813 9859) (5 0.019235 0.435605 9865) (6 0.014549 0.428659 9875) (7 0.010661 0.433635 9899) (8 0.008099 0.425207 9896) (9 0.007327 0.43341 9904) (10 0.09867 0.425317 9862) (11 0.020245 0.433647 9886) (12 0.011299 0.428183 9896) (13 0.006577 0.435137 9903) (14 0.00487 0.428267 9902) (15 0.003016 0.432017 9910) (16 0.002457 0.428417 9907) (17 0.00188 0.433886 9906) (18 0.001094 0.428385 9912) (19 0.000832 0.433924 9908) (20 0.000539 0.431161 9908))
net=((:conv 5 20) (:relu) (:pool) (:conv 5 50) (:relu) (:pool) (:fc 500) (:relu) (:fc 10))
 params=431080 device=:gpu precision=32 batch=200 lr=0.004
 epoch  1  loss ave.:   2.3062     0.426 [sec wall]   test: 1135/10000 (11.35%)
 epoch  2  loss ave.:   2.3020     0.424 [sec wall]   test: 1135/10000 (11.35%)
 epoch  3  loss ave.:   2.3020     0.424 [sec wall]   test: 1135/10000 (11.35%)
 epoch  4  loss ave.:   2.3019     0.424 [sec wall]   test: 1135/10000 (11.35%)
 epoch  5  loss ave.:   2.3019     0.428 [sec wall]   test: 1135/10000 (11.35%)
 epoch  6  loss ave.:   2.3019     0.421 [sec wall]   test: 1135/10000 (11.35%)
 epoch  7  loss ave.:   2.3019     0.426 [sec wall]   test: 1135/10000 (11.35%)
 epoch  8  loss ave.:   2.3019     0.426 [sec wall]   test: 1135/10000 (11.35%)
 epoch  9  loss ave.:   2.3019     0.427 [sec wall]   test: 1135/10000 (11.35%)
 epoch 10  loss ave.:   2.3019     0.422 [sec wall]   test: 1135/10000 (11.35%)
 epoch 11  loss ave.:   2.3019     0.426 [sec wall]   test: 1135/10000 (11.35%)
 epoch 12  loss ave.:   2.3019     0.420 [sec wall]   test: 1135/10000 (11.35%)
 epoch 13  loss ave.:   2.3019     0.427 [sec wall]   test: 1135/10000 (11.35%)
 epoch 14  loss ave.:   2.3019     0.420 [sec wall]   test: 1135/10000 (11.35%)
 epoch 15  loss ave.:   2.3019     0.429 [sec wall]   test: 1135/10000 (11.35%)
 epoch 16  loss ave.:   2.3019     0.419 [sec wall]   test: 1135/10000 (11.35%)
 epoch 17  loss ave.:   2.3019     0.426 [sec wall]   test: 1135/10000 (11.35%)
 epoch 18  loss ave.:   2.3019     0.423 [sec wall]   test: 1135/10000 (11.35%)
 epoch 19  loss ave.:   2.3019     0.427 [sec wall]   test: 1135/10000 (11.35%)
 epoch 20  loss ave.:   2.3019     0.420 [sec wall]   test: 1135/10000 (11.35%)
LR2 0.004 ((1 2.30615 0.426076 1135) (2 2.30198 0.424493 1135) (3 2.30195 0.424249 1135) (4 2.30193 0.423738 1135) (5 2.30192 0.427556 1135) (6 2.3019 0.421228 1135) (7 2.30189 0.42601 1135) (8 2.30189 0.425673 1135) (9 2.30189 0.426852 1135) (10 2.30189 0.421588 1135) (11 2.30189 0.4261 1135) (12 2.30189 0.420036 1135) (13 2.30189 0.427368 1135) (14 2.30189 0.420089 1135) (15 2.30189 0.429205 1135) (16 2.30189 0.418609 1135) (17 2.30189 0.425818 1135) (18 2.30189 0.423491 1135) (19 2.30189 0.427064 1135) (20 2.30189 0.420267 1135))
net=((:conv 5 20) (:relu) (:pool) (:conv 5 50) (:relu) (:pool) (:fc 500) (:relu) (:fc 10))
 params=431080 device=:gpu precision=32 batch=1000 lr=0.001
 epoch  1  loss ave.:   2.3805     0.548 [sec wall]   test: 1135/10000 (11.35%)
 epoch  2  loss ave.:   2.3014     0.532 [sec wall]   test: 1135/10000 (11.35%)
 epoch  3  loss ave.:   2.3014     0.535 [sec wall]   test: 1135/10000 (11.35%)
 epoch  4  loss ave.:   2.3014     0.541 [sec wall]   test: 1135/10000 (11.35%)
 epoch  5  loss ave.:   2.3014     0.535 [sec wall]   test: 1135/10000 (11.35%)
 epoch  6  loss ave.:   2.3014     0.544 [sec wall]   test: 1135/10000 (11.35%)
 epoch  7  loss ave.:   2.3014     0.542 [sec wall]   test: 1135/10000 (11.35%)
 epoch  8  loss ave.:   2.3014     0.532 [sec wall]   test: 1135/10000 (11.35%)
 epoch  9  loss ave.:   2.3014     0.539 [sec wall]   test: 1135/10000 (11.35%)
 epoch 10  loss ave.:   2.3014     0.530 [sec wall]   test: 1135/10000 (11.35%)
 epoch 11  loss ave.:   2.3014     0.536 [sec wall]   test: 1135/10000 (11.35%)
 epoch 12  loss ave.:   2.3014     0.537 [sec wall]   test: 1135/10000 (11.35%)
 epoch 13  loss ave.:   2.3014     0.536 [sec wall]   test: 1135/10000 (11.35%)
 epoch 14  loss ave.:   2.3014     0.544 [sec wall]   test: 1135/10000 (11.35%)
 epoch 15  loss ave.:   2.3014     0.530 [sec wall]   test: 1135/10000 (11.35%)
 epoch 16  loss ave.:   2.3014     0.527 [sec wall]   test: 1135/10000 (11.35%)
 epoch 17  loss ave.:   2.3014     0.533 [sec wall]   test: 1135/10000 (11.35%)
 epoch 18  loss ave.:   2.3014     0.527 [sec wall]   test: 1135/10000 (11.35%)
 epoch 19  loss ave.:   2.3014     0.534 [sec wall]   test: 1135/10000 (11.35%)
 epoch 20  loss ave.:   2.3014     0.530 [sec wall]   test: 1135/10000 (11.35%)
BS2 1000 ((1 2.38046 0.548383 1135) (2 2.30144 0.53227 1135) (3 2.30144 0.534864 1135) (4 2.30144 0.540913 1135) (5 2.30143 0.534895 1135) (6 2.30143 0.543796 1135) (7 2.30143 0.541951 1135) (8 2.30143 0.532245 1135) (9 2.30143 0.538505 1135) (10 2.30143 0.529543 1135) (11 2.30143 0.535559 1135) (12 2.30143 0.537071 1135) (13 2.30142 0.53589 1135) (14 2.30142 0.54426 1135) (15 2.30142 0.529665 1135) (16 2.30142 0.527074 1135) (17 2.30142 0.533239 1135) (18 2.30142 0.52689 1135) (19 2.30142 0.534048 1135) (20 2.30142 0.529941 1135))
net=((:conv 5 20) (:relu) (:pool) (:conv 5 50) (:relu) (:pool) (:fc 500) (:relu) (:fc 10))
 params=431080 device=:gpu precision=32 batch=500 lr=0.0004
 epoch  1  loss ave.:   0.6569     0.543 [sec wall]   test: 9640/10000 (96.40%)
 epoch  2  loss ave.:   0.1185     0.538 [sec wall]   test: 9771/10000 (97.71%)
 epoch  3  loss ave.:   0.0738     0.546 [sec wall]   test: 9813/10000 (98.13%)
 epoch  4  loss ave.:   0.0580     0.535 [sec wall]   test: 9853/10000 (98.53%)
 epoch  5  loss ave.:   0.0480     0.540 [sec wall]   test: 9868/10000 (98.68%)
 epoch  6  loss ave.:   0.0409     0.543 [sec wall]   test: 9882/10000 (98.82%)
 epoch  7  loss ave.:   0.0353     0.543 [sec wall]   test: 9883/10000 (98.83%)
 epoch  8  loss ave.:   0.0309     0.545 [sec wall]   test: 9884/10000 (98.84%)
 epoch  9  loss ave.:   0.0272     0.538 [sec wall]   test: 9892/10000 (98.92%)
 epoch 10  loss ave.:   0.0241     0.544 [sec wall]   test: 9894/10000 (98.94%)
 epoch 11  loss ave.:   0.0215     0.541 [sec wall]   test: 9896/10000 (98.96%)
 epoch 12  loss ave.:   0.0191     0.539 [sec wall]   test: 9898/10000 (98.98%)
 epoch 13  loss ave.:   0.0171     0.541 [sec wall]   test: 9902/10000 (99.02%)
 epoch 14  loss ave.:   0.0152     0.539 [sec wall]   test: 9908/10000 (99.08%)
 epoch 15  loss ave.:   0.0135     0.546 [sec wall]   test: 9911/10000 (99.11%)
 epoch 16  loss ave.:   0.0121     0.542 [sec wall]   test: 9915/10000 (99.15%)
 epoch 17  loss ave.:   0.0107     0.534 [sec wall]   test: 9917/10000 (99.17%)
 epoch 18  loss ave.:   0.0095     0.544 [sec wall]   test: 9917/10000 (99.17%)
 epoch 19  loss ave.:   0.0085     0.536 [sec wall]   test: 9918/10000 (99.18%)
 epoch 20  loss ave.:   0.0076     0.542 [sec wall]   test: 9920/10000 (99.20%)
BS2 500lr0.0004 ((1 0.656873 0.543275 9640) (2 0.118507 0.538159 9771) (3 0.073823 0.545694 9813) (4 0.058041 0.535476 9853) (5 0.048018 0.540266 9868) (6 0.040863 0.542523 9882) (7 0.035276 0.54267 9883) (8 0.030923 0.545275 9884) (9 0.027177 0.538047 9892) (10 0.024108 0.54421 9894) (11 0.021469 0.541398 9896) (12 0.019093 0.539039 9898) (13 0.017074 0.540512 9902) (14 0.015216 0.538945 9908) (15 0.013532 0.546059 9911) (16 0.012067 0.542044 9915) (17 0.01073 0.534451 9917) (18 0.009537 0.543653 9917) (19 0.008483 0.536137 9918) (20 0.007582 0.542434 9920))
DONE
