;; .eusrc executed!! *rcb4eus-dir*=/home/mi/kxreus added, *load-path* updated!!
(test-mnist-train)
;;(test-mnist-batch 200) ;; train from train-images
;;(test-mnist-test) ;; test test-images
;;(test-mnist-train) ;; test train-images
TIME load-nn.l wall      0.010 s
TIME load-datasets wall     22.257 s cpu     23.340 s
DATA 60000 60000 10000 10000
(in:   784    out:  1000)
(in:  1000    out:  1000)
(in:  1000    out:    10)

THREADS 20 wall_per_60000     30.164 s cpu_per_60000    467.000 s
PROF bs200-6000img
PROF :fwd-softmax      1.891
PROF :bp-output-delta      0.455
PROF :bp-alloc     41.492
PROF :up-w-daxpy     88.482
PROF :up-b      0.929
PROF :up-alloc    450.737
PROF :up-db-dgemm     11.674
PROF :up-dw-dgemm    523.398
PROF :fwd-extended-matrix     82.495
PROF :fwd-relu    135.788
PROF :up-transpose-delta     32.761
PROF :up-wt-transpose    187.788
PROF :loss     11.637
PROF :bp-relu-diff-mprod    163.500
PROF :fwd-dgemm    697.152
PROF :bp-dgemm    456.876
PROF :batch-make    148.849
